17:31:27 **** Incremental Build of configuration Debug for project Test 2 ****
make -j8 all 
arm-none-eabi-size   Test\ 2.elf 
   text	   data	    bss	    dec	    hex	filename
  12796	     20	   2932	  15748	   3d84	Test 2.elf
Finished building: default.size.stdout
 
17:31:32 **** Incremental Build of configuration Debug for project Test 2 ****
make -j8 all 
arm-none-eabi-size   Test\ 2.elf 
   text	   data	    bss	    dec	    hex	filename
  12796	     20	   2932	  15748	   3d84	Test 2.elf
Finished building: default.size.stdout
 
17:31:45 **** Incremental Build of configuration Debug for project Test 2 ****
make -j8 all 
arm-none-eabi-size   Test\ 2.elf 
   text	   data	    bss	    dec	    hex	filename
  12796	     20	   2932	  15748	   3d84	Test 2.elf
Finished building: default.size.stdout
 
